20:02:37 **** Incremental Build of configuration Release for project lab_2 ****
make pre-build main-build 
sdsoc_make_clean Release
' '
'Building file: ../src/mmult.cpp'
'Invoking: SDS++ Compiler'
sds++ -Wall -O3 -I"../src" -c -fmessage-length=0 -MT"src/mmult.o" -MMD -MP -MF"src/mmult.d" -MT"src/mmult.o" -o "src/mmult.o" "../src/mmult.cpp" -sds-hw madd madd.cpp  -clkid 2 -sds-end -sds-hw mmult mmult.cpp  -clkid 2 -sds-end -perf-root main -perf-est swdata.xml -perf-funcs madd,mmult -sds-sys-config standalone -sds-proc standalone -sds-pf "zed"
Starting performance estimation. This may take a few minutes
Processing -sds-hw block for mmult
Analyzing source for RTL template usage
Create data motion intermediate representation

C:\Xilinx\workspace_sdx\lab_2\Release>C:\Xilinx\SDx\2018.3\llvm-clang\win64\llvm\bin\clang.exe -I../src -Wall -fmessage-length=0 -MMD -MP -D __SDSCC__ -target arm-none-eabi -mcpu=cortex-a9 -mfpu=vfpv3 -O0 -g -I C:/Xilinx/SDx/2018.3/target/aarch32-none/include -D HLS_NO_XIL_FPO_LIB -I C:/Xilinx/Vivado/2018.3/include -IC:/Xilinx/SDK/2018.3/gnu/aarch32/nt/gcc-arm-none-eabi/arm-none-eabi/include/c++/7.3.1 -IC:/Xilinx/SDK/2018.3/gnu/aarch32/nt/gcc-arm-none-eabi/arm-none-eabi/include/c++/7.3.1/arm-none-eabi -IC:/Xilinx/SDK/2018.3/gnu/aarch32/nt/gcc-arm-none-eabi/arm-none-eabi/include/c++/7.3.1/backward -IC:/Xilinx/SDK/2018.3/gnu/aarch32/nt/gcc-arm-none-eabi/lib/gcc/arm-none-eabi/7.3.1/include -IC:/Xilinx/SDK/2018.3/gnu/aarch32/nt/gcc-arm-none-eabi/lib/gcc/arm-none-eabi/7.3.1/include-fixed -IC:/Xilinx/SDK/2018.3/gnu/aarch32/nt/gcc-arm-none-eabi/arm-none-eabi/include -IC:/Xilinx/SDK/2018.3/gnu/aarch32/nt/gcc-arm-none-eabi/arm-none-eabi/libc/usr/include -std=c++11 -emit-llvm -S C:/Xilinx/workspace_sdx/lab_2/src/mmult.cpp -o C:/Xilinx/workspace_sdx/lab_2/Release/_sds/.llvm/src/mmult.s 

C:\Xilinx\workspace_sdx\lab_2\Release>exit /b 0 
Compiling C:/Xilinx/workspace_sdx/lab_2/src/mmult.cpp
Analyzing source for RTL template usage
Create data motion intermediate representation

C:\Xilinx\workspace_sdx\lab_2\Release>C:\Xilinx\SDx\2018.3\llvm-clang\win64\llvm\bin\clang.exe -I../src -Wall -fmessage-length=0 -MMD -MP -D __SDSCC__ -target arm-none-eabi -mcpu=cortex-a9 -mfpu=vfpv3 -O0 -g -I C:/Xilinx/SDx/2018.3/target/aarch32-none/include -D HLS_NO_XIL_FPO_LIB -I C:/Xilinx/Vivado/2018.3/include -IC:/Xilinx/SDK/2018.3/gnu/aarch32/nt/gcc-arm-none-eabi/arm-none-eabi/include/c++/7.3.1 -IC:/Xilinx/SDK/2018.3/gnu/aarch32/nt/gcc-arm-none-eabi/arm-none-eabi/include/c++/7.3.1/arm-none-eabi -IC:/Xilinx/SDK/2018.3/gnu/aarch32/nt/gcc-arm-none-eabi/arm-none-eabi/include/c++/7.3.1/backward -IC:/Xilinx/SDK/2018.3/gnu/aarch32/nt/gcc-arm-none-eabi/lib/gcc/arm-none-eabi/7.3.1/include -IC:/Xilinx/SDK/2018.3/gnu/aarch32/nt/gcc-arm-none-eabi/lib/gcc/arm-none-eabi/7.3.1/include-fixed -IC:/Xilinx/SDK/2018.3/gnu/aarch32/nt/gcc-arm-none-eabi/arm-none-eabi/include -IC:/Xilinx/SDK/2018.3/gnu/aarch32/nt/gcc-arm-none-eabi/arm-none-eabi/libc/usr/include -std=c++11 -emit-llvm -S C:/Xilinx/workspace_sdx/lab_2/src/mmult.cpp -o C:/Xilinx/workspace_sdx/lab_2/Release/_sds/.llvm/src/mmult.s 

C:\Xilinx\workspace_sdx\lab_2\Release>exit /b 0 
Performing accelerator source linting for mmult
Performing pragma generation

C:\Xilinx\workspace_sdx\lab_2\Release>C:\Xilinx\SDx\2018.3\llvm-clang\win64\llvm\bin\clang.exe -E -IC:/Xilinx/workspace_sdx/lab_2/src -Wall -fmessage-length=0 -MMD -MP -D __SDSCC__ -m32 -D HLS_NO_XIL_FPO_LIB -I C:/Xilinx/SDx/2018.3/target/aarch32-none/include -IC:/Xilinx/workspace_sdx/lab_2/src -D __SDSVHLS__ -target arm-none-eabi -mcpu=cortex-a9 -mfpu=vfpv3 -O0 -g -w -I C:/Xilinx/SDx/2018.3/target/aarch32-none/include -D HLS_NO_XIL_FPO_LIB -I C:/Xilinx/Vivado/2018.3/include -IC:/Xilinx/SDK/2018.3/gnu/aarch32/nt/gcc-arm-none-eabi/arm-none-eabi/include/c++/7.3.1 -IC:/Xilinx/SDK/2018.3/gnu/aarch32/nt/gcc-arm-none-eabi/arm-none-eabi/include/c++/7.3.1/arm-none-eabi -IC:/Xilinx/SDK/2018.3/gnu/aarch32/nt/gcc-arm-none-eabi/arm-none-eabi/include/c++/7.3.1/backward -IC:/Xilinx/SDK/2018.3/gnu/aarch32/nt/gcc-arm-none-eabi/lib/gcc/arm-none-eabi/7.3.1/include -IC:/Xilinx/SDK/2018.3/gnu/aarch32/nt/gcc-arm-none-eabi/lib/gcc/arm-none-eabi/7.3.1/include-fixed -IC:/Xilinx/SDK/2018.3/gnu/aarch32/nt/gcc-arm-none-eabi/arm-none-eabi/include -IC:/Xilinx/SDK/2018.3/gnu/aarch32/nt/gcc-arm-none-eabi/arm-none-eabi/libc/usr/include -std=c++11 C:/Xilinx/workspace_sdx/lab_2/src/mmult.cpp -o C:/Xilinx/workspace_sdx/lab_2/Release/_sds/vhls/mmult_pp.cpp 

C:\Xilinx\workspace_sdx\lab_2\Release>exit /b 0 
INFO: [PragmaGen 83-3231] Successfully generated tcl script: C:/Xilinx/workspace_sdx/lab_2/Release/_sds/vhls/mmult.tcl
Moving function mmult to Programmable Logic
sds++ log file saved as C:/Xilinx/workspace_sdx/lab_2/Release/_sds/reports/sds_mmult.log

'Finished building: ../src/mmult.cpp'
' '
'Building target: lab_2.elf'
'Invoking: SDS++ Linker'
sds++ --remote_ip_cache C:/Xilinx/workspace_sdx/ip_cache -o "lab_2.elf"  ./src/madd.o ./src/main.o ./src/mmult.o    -dmclkid 2  -mno-boot-files  -perf-root main -perf-est swdata.xml -perf-funcs madd,mmult -sds-sys-config standalone -sds-proc standalone -sds-pf "zed"
Starting performance estimation. This may take a few minutes
Removing implementation files from previous run
Analyzing object files
... C:/Xilinx/workspace_sdx/lab_2/Release/_sds/est/madd.o
... C:/Xilinx/workspace_sdx/lab_2/Release/_sds/est/main.o
... C:/Xilinx/workspace_sdx/lab_2/Release/_sds/est/mmult.o
Using prebuilt hardware
Skipping block diagram (BD), address map, port information and device registration for partition 0
Prepare hardware access API functions
Create accelerator stub functions
Compile hardware access API functions
arm-none-eabi-gcc -mcpu=cortex-a9 -mfpu=vfpv3 -mfloat-abi=hard      -I C:/Xilinx/SDx/2018.3/target/aarch32-none/include  -D HLS_NO_XIL_FPO_LIB  -I C:/Xilinx/Vivado/2018.3/include -c  C:/Xilinx/workspace_sdx/lab_2/Release/_sds/est/sw_perf_est.c -o C:/Xilinx/workspace_sdx/lab_2/Release/_sds/est/sw_perf_est.o
Compile accelerator stub functions
Compile hardware access API functions
arm-none-eabi-gcc -mcpu=cortex-a9 -mfpu=vfpv3 -mfloat-abi=hard      -I C:/Xilinx/SDx/2018.3/target/aarch32-none/include  -D HLS_NO_XIL_FPO_LIB  -I C:/Xilinx/Vivado/2018.3/include -c  C:/Xilinx/workspace_sdx/lab_2/Release/_sds/est/sw_perf_est.c -o C:/Xilinx/workspace_sdx/lab_2/Release/_sds/est/sw_perf_est.o
Create board support package library
Link application ELF file
Analyzing object files
... C:/Xilinx/workspace_sdx/lab_2/Release/_sds/est/.accdata/madd.o
... C:/Xilinx/workspace_sdx/lab_2/Release/_sds/est/main.o
... C:/Xilinx/workspace_sdx/lab_2/Release/_sds/est/.accdata/mmult.o
Generating data motion network

C:\Xilinx\workspace_sdx\lab_2\Release>C:\Xilinx\SDx\2018.3\llvm-clang\win64\llvm\bin\llvm-link.exe -o C:/Xilinx/workspace_sdx/lab_2/Release/_sds/.llvm/sds_all.o C:/Xilinx/workspace_sdx/lab_2/Release/_sds/.llvm/./src/madd.s C:/Xilinx/workspace_sdx/lab_2/Release/_sds/.llvm/./src/main.s C:/Xilinx/workspace_sdx/lab_2/Release/_sds/.llvm/./src/mmult.s 

C:\Xilinx\workspace_sdx\lab_2\Release>exit /b 0 

C:\Xilinx\workspace_sdx\lab_2\Release\_sds\.llvm>opt -disable-output -mem2reg -basicaa -XidanePass --dmclkid 2 --repo C:/Xilinx/workspace_sdx/lab_2/Release/_sds/.cdb/xd_ip_db.xml --dmdb C:/Xilinx/SDx/2018.3/data/DM.db -os standalone -processor cortex-a9 -partition 0 -perfest  0<sds_all.o 
INFO: [DMAnalysis 83-4494] Analyzing hardware accelerators...
INFO: [DMAnalysis 83-4497] Analyzing callers to hardware accelerators...
INFO: [DMAnalysis 83-4444] Scheduling data transfer graph for partition 0
INFO: [DMAnalysis 83-4446] Creating data motion network hardware for partition 0
INFO: [DMAnalysis 83-4448] Creating software stub functions for partition 0
INFO: [DMAnalysis 83-4450] Generating data motion network report for partition 0
INFO: [DMAnalysis 83-4452] Generating performance estimation for partition 0
INFO: [DMAnalysis 83-4454] Rewriting caller code
INFO: [PerfEst 83-3803] Software run information file swdata.xml not found. Continuing without comparison to software run data
  For graph with functions: madd:main.cpp:139 mmult:main.cpp:138
    Estimated hardware latency = 125476
  Estimated resource usage:
    dsps used = 12/220
    bram used = 34/140
    luts used = 22846/53200
    FFs used = 27790/106400
sds++ log file saved as C:/Xilinx/workspace_sdx/lab_2/Release/_sds/reports/sds.log

'Finished building target: lab_2.elf'
' '

20:05:07 Build Finished (took 2m:30s.223ms)

